// Jest Snapshot v1, https://goo.gl/fbAQLP

exports[`Hamburger.vue should render and match snapshot 1`] = `<button type="button" aria-label="Toggle menu" class="hamburger"><span class="hamburger__inner"><span class="hamburger__bar"></span> <span class="hamburger__bar"></span></span> <span class="hamburger__bar"></span></button>`;
